// Jest Snapshot v1, https://goo.gl/fbAQLP

exports[`<Header /> should render initial component 1`] = `
<header
  className="header"
>
  <h1>
    todos
  </h1>
  <TodoTextInput
    newTodo={true}
    onSave={[Function]}
    placeholder="What needs to be done?"
  />
</header>
`;
